// Jest Snapshot v1, https://goo.gl/fbAQLP

exports[`Failed cases Pass {} should throw error 1`] = `"Path received type is object not is a string"`;

exports[`Failed cases Pass {} should throw error 2`] = `"Path received type is object not is a string"`;

exports[`Failed cases Pass {} should throw error 3`] = `"Path received type is object not is a string"`;

exports[`Failed cases Pass null should throw error 1`] = `"Path received type is object not is a string"`;

exports[`Failed cases Pass undefined should throw error 1`] = `"Path received type is undefined not is a string"`;
